
LinearRecordUpdate.hs:8:12: error:
    • Couldn't match type ‘'GHC.Types.Omega’ with ‘'GHC.Types.One’
        arising from an application
    • In an equation for ‘shouldFail’: shouldFail r = r {y = False}
