
LinearConfusedDollar.hs:12:7: error:
    • Couldn't match type ‘'GHC.Types.Omega’ with ‘'GHC.Types.One’
        arising from an application
    • In the expression: f $ x
      In an equation for ‘g’: g x = f $ x
