
TypeClass.hs:44:7: error:
    • No instance for (Iden (->)) arising from a use of ‘iden’
    • In the expression: iden
      In an equation for ‘foo’: foo = iden
